{
  "version": "1.5.0",
  "plugins_used": [
    {
      "name": "ArtifactoryDetector"
    },
    {
      "name": "AWSKeyDetector"
    },
    {
      "name": "AzureStorageKeyDetector"
    },
    {
      "name": "Base64HighEntropyString",
      "limit": 4.5
    },
    {
      "name": "BasicAuthDetector"
    },
    {
      "name": "CloudantDetector"
    },
    {
      "name": "DiscordBotTokenDetector"
    },
    {
      "name": "GitHubTokenDetector"
    },
    {
      "name": "GitLabTokenDetector"
    },
    {
      "name": "HexHighEntropyString",
      "limit": 3.0
    },
    {
      "name": "IbmCloudIamDetector"
    },
    {
      "name": "IbmCosHmacDetector"
    },
    {
      "name": "IPPublicDetector"
    },
    {
      "name": "JwtTokenDetector"
    },
    {
      "name": "KeywordDetector",
      "keyword_exclude": ""
    },
    {
      "name": "MailchimpDetector"
    },
    {
      "name": "NpmDetector"
    },
    {
      "name": "OpenAIDetector"
    },
    {
      "name": "PrivateKeyDetector"
    },
    {
      "name": "PypiTokenDetector"
    },
    {
      "name": "SendGridDetector"
    },
    {
      "name": "SlackDetector"
    },
    {
      "name": "SoftlayerDetector"
    },
    {
      "name": "SquareOAuthDetector"
    },
    {
      "name": "StripeDetector"
    },
    {
      "name": "TelegramBotTokenDetector"
    },
    {
      "name": "TwilioKeyDetector"
    }
  ],
  "filters_used": [
    {
      "path": "detect_secrets.filters.allowlist.is_line_allowlisted"
    },
    {
      "path": "detect_secrets.filters.common.is_ignored_due_to_verification_policies",
      "min_level": 2
    },
    {
      "path": "detect_secrets.filters.heuristic.is_indirect_reference"
    },
    {
      "path": "detect_secrets.filters.heuristic.is_likely_id_string"
    },
    {
      "path": "detect_secrets.filters.heuristic.is_lock_file"
    },
    {
      "path": "detect_secrets.filters.heuristic.is_not_alphanumeric_string"
    },
    {
      "path": "detect_secrets.filters.heuristic.is_potential_uuid"
    },
    {
      "path": "detect_secrets.filters.heuristic.is_prefixed_with_dollar_sign"
    },
    {
      "path": "detect_secrets.filters.heuristic.is_sequential_string"
    },
    {
      "path": "detect_secrets.filters.heuristic.is_swagger_file"
    },
    {
      "path": "detect_secrets.filters.heuristic.is_templated_secret"
    }
  ],
  "results": {
    ".claude-mpm/PM_INSTRUCTIONS.md.meta": [
      {
        "type": "Hex High Entropy String",
        "filename": ".claude-mpm/PM_INSTRUCTIONS.md.meta",
        "hashed_secret": "1ac30841e4c24cc1901a6e68c9c1abfb7f78d6b0",
        "is_verified": false,
        "line_number": 11
      }
    ],
    ".claude-mpm/pm_skills_registry.yaml": [
      {
        "type": "Hex High Entropy String",
        "filename": ".claude-mpm/pm_skills_registry.yaml",
        "hashed_secret": "497fd36ebbc867eeb4436e3eb3f4ce2e1fbf5d31",
        "is_verified": false,
        "line_number": 3
      },
      {
        "type": "Hex High Entropy String",
        "filename": ".claude-mpm/pm_skills_registry.yaml",
        "hashed_secret": "2fb57abbe7b89e5cfdc12b9ec7feb3cb6561427c",
        "is_verified": false,
        "line_number": 7
      },
      {
        "type": "Hex High Entropy String",
        "filename": ".claude-mpm/pm_skills_registry.yaml",
        "hashed_secret": "2a358b679b6227256faab9bbb2e3228d8a76a212",
        "is_verified": false,
        "line_number": 11
      },
      {
        "type": "Hex High Entropy String",
        "filename": ".claude-mpm/pm_skills_registry.yaml",
        "hashed_secret": "7840d49de2e996eeffb2e4bf14123b9e42c709c4",
        "is_verified": false,
        "line_number": 15
      },
      {
        "type": "Hex High Entropy String",
        "filename": ".claude-mpm/pm_skills_registry.yaml",
        "hashed_secret": "c11105092b632d325a168d6ce746fcbb1e5fff17",
        "is_verified": false,
        "line_number": 19
      },
      {
        "type": "Hex High Entropy String",
        "filename": ".claude-mpm/pm_skills_registry.yaml",
        "hashed_secret": "89408868dca4a4137551e47c57e67584872f7939",
        "is_verified": false,
        "line_number": 23
      },
      {
        "type": "Hex High Entropy String",
        "filename": ".claude-mpm/pm_skills_registry.yaml",
        "hashed_secret": "1124d64055c3671c1419c7ef9b46a5437acff0a4",
        "is_verified": false,
        "line_number": 27
      },
      {
        "type": "Hex High Entropy String",
        "filename": ".claude-mpm/pm_skills_registry.yaml",
        "hashed_secret": "18b5c09fee6e0f757589cfaef28568118c9434c0",
        "is_verified": false,
        "line_number": 31
      },
      {
        "type": "Hex High Entropy String",
        "filename": ".claude-mpm/pm_skills_registry.yaml",
        "hashed_secret": "3033ba137d3a3b02592378909dc0e8add25205b6",
        "is_verified": false,
        "line_number": 35
      },
      {
        "type": "Hex High Entropy String",
        "filename": ".claude-mpm/pm_skills_registry.yaml",
        "hashed_secret": "690c88975815a9b77b131f6817949540acd66538",
        "is_verified": false,
        "line_number": 39
      },
      {
        "type": "Hex High Entropy String",
        "filename": ".claude-mpm/pm_skills_registry.yaml",
        "hashed_secret": "1a988ffdf2aaaddcea4a56a2677e62cc523dea54",
        "is_verified": false,
        "line_number": 43
      },
      {
        "type": "Hex High Entropy String",
        "filename": ".claude-mpm/pm_skills_registry.yaml",
        "hashed_secret": "2dea9d9d4b145b47579b451410f8d8737d1d34be",
        "is_verified": false,
        "line_number": 47
      },
      {
        "type": "Hex High Entropy String",
        "filename": ".claude-mpm/pm_skills_registry.yaml",
        "hashed_secret": "377aba779ad60d2c95892139ddd0abd22bcfc930",
        "is_verified": false,
        "line_number": 51
      },
      {
        "type": "Hex High Entropy String",
        "filename": ".claude-mpm/pm_skills_registry.yaml",
        "hashed_secret": "76799b983d15fadb55b116b3f5e74ee78c7c06fb",
        "is_verified": false,
        "line_number": 55
      },
      {
        "type": "Hex High Entropy String",
        "filename": ".claude-mpm/pm_skills_registry.yaml",
        "hashed_secret": "6ee62696807d8cad91be5c54657543922ed31947",
        "is_verified": false,
        "line_number": 59
      },
      {
        "type": "Hex High Entropy String",
        "filename": ".claude-mpm/pm_skills_registry.yaml",
        "hashed_secret": "5c9dc8f9ff45647d138a47b60c5e0ed8cb6816b3",
        "is_verified": false,
        "line_number": 63
      },
      {
        "type": "Hex High Entropy String",
        "filename": ".claude-mpm/pm_skills_registry.yaml",
        "hashed_secret": "3e29812f930543a69849aceeeeb69db151da8c09",
        "is_verified": false,
        "line_number": 67
      },
      {
        "type": "Hex High Entropy String",
        "filename": ".claude-mpm/pm_skills_registry.yaml",
        "hashed_secret": "b01393ae811b695a6e2b61719aa45e5075281271",
        "is_verified": false,
        "line_number": 71
      },
      {
        "type": "Hex High Entropy String",
        "filename": ".claude-mpm/pm_skills_registry.yaml",
        "hashed_secret": "e4d46b7d160bcb30e6d94d6d40e0650b356383ec",
        "is_verified": false,
        "line_number": 75
      },
      {
        "type": "Hex High Entropy String",
        "filename": ".claude-mpm/pm_skills_registry.yaml",
        "hashed_secret": "ce6f1b7b885ade36c88ada5b04ed21c7e5c15ae5",
        "is_verified": false,
        "line_number": 79
      },
      {
        "type": "Hex High Entropy String",
        "filename": ".claude-mpm/pm_skills_registry.yaml",
        "hashed_secret": "8a0d75c9b8709631b3a1e7557bcb6230563e3441",
        "is_verified": false,
        "line_number": 83
      },
      {
        "type": "Hex High Entropy String",
        "filename": ".claude-mpm/pm_skills_registry.yaml",
        "hashed_secret": "31d96184c043faf456fdd5100bddb020b742ae28",
        "is_verified": false,
        "line_number": 87
      }
    ],
    ".claude/agents/.dependency_cache": [
      {
        "type": "Hex High Entropy String",
        "filename": ".claude/agents/.dependency_cache",
        "hashed_secret": "8a84b75c37b218a088b1a675f84d31821738f12b",
        "is_verified": false,
        "line_number": 2
      },
      {
        "type": "Hex High Entropy String",
        "filename": ".claude/agents/.dependency_cache",
        "hashed_secret": "244f421f896bdcdd2784dccf4eaf7c8dfd5189b5",
        "is_verified": false,
        "line_number": 10
      }
    ],
    ".claude/agents/.mpm_deployment_state": [
      {
        "type": "Hex High Entropy String",
        "filename": ".claude/agents/.mpm_deployment_state",
        "hashed_secret": "244f421f896bdcdd2784dccf4eaf7c8dfd5189b5",
        "is_verified": false,
        "line_number": 2
      }
    ],
    "src/slack_mcp/api/channels.py": [
      {
        "type": "Hex High Entropy String",
        "filename": "src/slack_mcp/api/channels.py",
        "hashed_secret": "9eef110c706799e7b6f5fd2bfe93ee23e48489d6",
        "is_verified": false,
        "line_number": 55
      }
    ],
    "src/slack_mcp/api/files.py": [
      {
        "type": "Hex High Entropy String",
        "filename": "src/slack_mcp/api/files.py",
        "hashed_secret": "1a59f99a7e5ec6448a301c996b1d04175149456d",
        "is_verified": false,
        "line_number": 109
      }
    ],
    "tests/test_auth.py": [
      {
        "type": "Secret Keyword",
        "filename": "tests/test_auth.py",
        "hashed_secret": "f2b14f68eb995facb3a1c35287b778d5bd785511",
        "is_verified": false,
        "line_number": 85
      }
    ]
  },
  "generated_at": "2026-03-06T05:58:52Z"
}
